{
  "source": "results/residual_persistent_pairedrng_seed2",
  "phase": "evaluation",
  "all_align_decisions": {
    "decisions": 767,
    "teacher_agreement_rate": 0.39113428943937417,
    "unique_pm_winner_rate": 0.6271186440677966,
    "mean_pm_tie_count": 1.803129074315515,
    "zero_pm_window_rate": 0.0
  },
  "by_final_outcome": {
    "success": {
      "decisions": 287,
      "teacher_agreement_rate": 0.7630662020905923,
      "unique_pm_winner_rate": 0.6480836236933798,
      "mean_pm_tie_count": 2.327526132404181,
      "zero_pm_window_rate": 0.0
    },
    "failure": {
      "decisions": 480,
      "teacher_agreement_rate": 0.16875,
      "unique_pm_winner_rate": 0.6145833333333334,
      "mean_pm_tie_count": 1.4895833333333333,
      "zero_pm_window_rate": 0.0
    }
  },
  "first_errors": [
    {
      "episode": 0,
      "outcome": "failure",
      "first_error": {
        "decision": 31,
        "state": [
          58
        ],
        "teacher_action": 0,
        "network_action": 1,
        "pm_tie_count": 6,
        "xy_error_before_m": 0.04105819979061536,
        "xy_error_after_m": 0.040396192224699826
      }
    },
    {
      "episode": 1,
      "outcome": "success",
      "first_error": {
        "decision": 17,
        "state": [
          59
        ],
        "teacher_action": 0,
        "network_action": 2,
        "pm_tie_count": 2,
        "xy_error_before_m": 0.08529217711609713,
        "xy_error_after_m": 0.08330590731958128
      }
    },
    {
      "episode": 2,
      "outcome": "failure",
      "first_error": {
        "decision": 30,
        "state": [
          58
        ],
        "teacher_action": 0,
        "network_action": 2,
        "pm_tie_count": 7,
        "xy_error_before_m": 0.04419796727467919,
        "xy_error_after_m": 0.04212071853840292
      }
    },
    {
      "episode": 3,
      "outcome": "success",
      "first_error": {
        "decision": 17,
        "state": [
          59
        ],
        "teacher_action": 0,
        "network_action": 2,
        "pm_tie_count": 2,
        "xy_error_before_m": 0.08529217711609713,
        "xy_error_after_m": 0.08330590731958128
      }
    },
    {
      "episode": 4,
      "outcome": "success",
      "first_error": {
        "decision": 30,
        "state": [
          58
        ],
        "teacher_action": 0,
        "network_action": 2,
        "pm_tie_count": 7,
        "xy_error_before_m": 0.04419796727467919,
        "xy_error_after_m": 0.04212071853840292
      }
    },
    {
      "episode": 5,
      "outcome": "success",
      "first_error": {
        "decision": 30,
        "state": [
          58
        ],
        "teacher_action": 0,
        "network_action": 1,
        "pm_tie_count": 6,
        "xy_error_before_m": 0.04419796727488285,
        "xy_error_after_m": 0.04353648318881413
      }
    }
  ],
  "first_error_state_action_counts": {
    "(58,)|0": 4,
    "(59,)|0": 2
  }
}
saved: results/residual_persistent_pairedrng_seed2/closed_loop_failure_audit.json
