{
  "source": "results/binary_latent_neighbor_y125mm_seed1",
  "phase": "evaluation",
  "all_align_decisions": {
    "decisions": 2026,
    "teacher_agreement_rate": 0.23198420533070088,
    "unique_pm_winner_rate": 0.6006910167818361,
    "mean_pm_tie_count": 1.481243830207305,
    "zero_pm_window_rate": 0.0
  },
  "by_final_outcome": {
    "success": {
      "decisions": 106,
      "teacher_agreement_rate": 0.8490566037735849,
      "unique_pm_winner_rate": 0.8018867924528302,
      "mean_pm_tie_count": 1.2830188679245282,
      "zero_pm_window_rate": 0.0
    },
    "failure": {
      "decisions": 1920,
      "teacher_agreement_rate": 0.19791666666666666,
      "unique_pm_winner_rate": 0.5895833333333333,
      "mean_pm_tie_count": 1.4921875,
      "zero_pm_window_rate": 0.0
    }
  },
  "first_errors": [
    {
      "episode": 0,
      "outcome": "failure",
      "first_error": {
        "decision": 1,
        "state": [
          69
        ],
        "teacher_action": 0,
        "network_action": 2,
        "pm_tie_count": 2,
        "xy_error_before_m": 0.13299088675352455,
        "xy_error_after_m": 0.1328219379605814
      }
    },
    {
      "episode": 1,
      "outcome": "success",
      "first_error": {
        "decision": 1,
        "state": [
          69
        ],
        "teacher_action": 0,
        "network_action": 2,
        "pm_tie_count": 2,
        "xy_error_before_m": 0.13299088675352455,
        "xy_error_after_m": 0.13282193796059058
      }
    },
    {
      "episode": 2,
      "outcome": "failure",
      "first_error": {
        "decision": 1,
        "state": [
          69
        ],
        "teacher_action": 0,
        "network_action": 2,
        "pm_tie_count": 2,
        "xy_error_before_m": 0.13299088675352455,
        "xy_error_after_m": 0.13282193796060926
      }
    },
    {
      "episode": 3,
      "outcome": "failure",
      "first_error": {
        "decision": 5,
        "state": [
          69
        ],
        "teacher_action": 0,
        "network_action": 2,
        "pm_tie_count": 2,
        "xy_error_before_m": 0.12380737274990954,
        "xy_error_after_m": 0.12198508626573201
      }
    },
    {
      "episode": 4,
      "outcome": "success",
      "first_error": {
        "decision": 1,
        "state": [
          69
        ],
        "teacher_action": 0,
        "network_action": 2,
        "pm_tie_count": 2,
        "xy_error_before_m": 0.13299088675352455,
        "xy_error_after_m": 0.13282193796059058
      }
    },
    {
      "episode": 5,
      "outcome": "failure",
      "first_error": {
        "decision": 1,
        "state": [
          69
        ],
        "teacher_action": 0,
        "network_action": 2,
        "pm_tie_count": 2,
        "xy_error_before_m": 0.13299088675352455,
        "xy_error_after_m": 0.13282193796059058
      }
    },
    {
      "episode": 6,
      "outcome": "failure",
      "first_error": {
        "decision": 1,
        "state": [
          69
        ],
        "teacher_action": 0,
        "network_action": 2,
        "pm_tie_count": 2,
        "xy_error_before_m": 0.13299088675352455,
        "xy_error_after_m": 0.13282193796059058
      }
    },
    {
      "episode": 7,
      "outcome": "failure",
      "first_error": {
        "decision": 2,
        "state": [
          69
        ],
        "teacher_action": 0,
        "network_action": 2,
        "pm_tie_count": 2,
        "xy_error_before_m": 0.13173119656910176,
        "xy_error_after_m": 0.1304256874182964
      }
    },
    {
      "episode": 8,
      "outcome": "failure",
      "first_error": {
        "decision": 3,
        "state": [
          69
        ],
        "teacher_action": 0,
        "network_action": 2,
        "pm_tie_count": 2,
        "xy_error_before_m": 0.129329444055224,
        "xy_error_after_m": 0.12773371772453546
      }
    },
    {
      "episode": 9,
      "outcome": "failure",
      "first_error": {
        "decision": 1,
        "state": [
          69
        ],
        "teacher_action": 0,
        "network_action": 2,
        "pm_tie_count": 2,
        "xy_error_before_m": 0.13299088675352455,
        "xy_error_after_m": 0.13282193796057717
      }
    }
  ],
  "first_error_state_action_counts": {
    "(69,)|0": 10
  }
}
saved: results/binary_latent_neighbor_y125mm_seed1/closed_loop_failure_audit.json
