{
  "source": "results/binary_latent_neighbor_y125mm_seed2",
  "phase": "evaluation",
  "all_align_decisions": {
    "decisions": 2060,
    "teacher_agreement_rate": 0.1966019417475728,
    "unique_pm_winner_rate": 0.12233009708737864,
    "mean_pm_tie_count": 1.9441747572815533,
    "zero_pm_window_rate": 0.0
  },
  "by_final_outcome": {
    "success": {
      "decisions": 140,
      "teacher_agreement_rate": 0.7285714285714285,
      "unique_pm_winner_rate": 0.6785714285714286,
      "mean_pm_tie_count": 1.5357142857142858,
      "zero_pm_window_rate": 0.0
    },
    "failure": {
      "decisions": 1920,
      "teacher_agreement_rate": 0.1578125,
      "unique_pm_winner_rate": 0.08177083333333333,
      "mean_pm_tie_count": 1.9739583333333333,
      "zero_pm_window_rate": 0.0
    }
  },
  "first_errors": [
    {
      "episode": 0,
      "outcome": "failure",
      "first_error": {
        "decision": 1,
        "state": [
          69
        ],
        "teacher_action": 0,
        "network_action": 2,
        "pm_tie_count": 2,
        "xy_error_before_m": 0.13299088675352455,
        "xy_error_after_m": 0.13282193796059058
      }
    },
    {
      "episode": 1,
      "outcome": "success",
      "first_error": {
        "decision": 1,
        "state": [
          69
        ],
        "teacher_action": 0,
        "network_action": 2,
        "pm_tie_count": 2,
        "xy_error_before_m": 0.13299088675352455,
        "xy_error_after_m": 0.13282193796060926
      }
    },
    {
      "episode": 2,
      "outcome": "failure",
      "first_error": {
        "decision": 5,
        "state": [
          69
        ],
        "teacher_action": 0,
        "network_action": 2,
        "pm_tie_count": 2,
        "xy_error_before_m": 0.12380737274990954,
        "xy_error_after_m": 0.12198508626573201
      }
    },
    {
      "episode": 3,
      "outcome": "failure",
      "first_error": {
        "decision": 1,
        "state": [
          69
        ],
        "teacher_action": 0,
        "network_action": 2,
        "pm_tie_count": 2,
        "xy_error_before_m": 0.13299088675352455,
        "xy_error_after_m": 0.13282193796059058
      }
    },
    {
      "episode": 4,
      "outcome": "failure",
      "first_error": {
        "decision": 1,
        "state": [
          69
        ],
        "teacher_action": 0,
        "network_action": 2,
        "pm_tie_count": 2,
        "xy_error_before_m": 0.13299088675352455,
        "xy_error_after_m": 0.13282193796059058
      }
    },
    {
      "episode": 5,
      "outcome": "failure",
      "first_error": {
        "decision": 1,
        "state": [
          69
        ],
        "teacher_action": 0,
        "network_action": 2,
        "pm_tie_count": 2,
        "xy_error_before_m": 0.13299088675352455,
        "xy_error_after_m": 0.13282193796059058
      }
    },
    {
      "episode": 6,
      "outcome": "failure",
      "first_error": {
        "decision": 2,
        "state": [
          69
        ],
        "teacher_action": 0,
        "network_action": 2,
        "pm_tie_count": 2,
        "xy_error_before_m": 0.13173119656910176,
        "xy_error_after_m": 0.1304256874182964
      }
    },
    {
      "episode": 7,
      "outcome": "failure",
      "first_error": {
        "decision": 3,
        "state": [
          69
        ],
        "teacher_action": 0,
        "network_action": 2,
        "pm_tie_count": 2,
        "xy_error_before_m": 0.129329444055224,
        "xy_error_after_m": 0.12773371772453546
      }
    },
    {
      "episode": 8,
      "outcome": "failure",
      "first_error": {
        "decision": 1,
        "state": [
          69
        ],
        "teacher_action": 0,
        "network_action": 2,
        "pm_tie_count": 2,
        "xy_error_before_m": 0.13299088675352455,
        "xy_error_after_m": 0.13282193796057717
      }
    },
    {
      "episode": 9,
      "outcome": "success",
      "first_error": {
        "decision": 1,
        "state": [
          69
        ],
        "teacher_action": 0,
        "network_action": 2,
        "pm_tie_count": 2,
        "xy_error_before_m": 0.13299088675352455,
        "xy_error_after_m": 0.13282193796058422
      }
    }
  ],
  "first_error_state_action_counts": {
    "(69,)|0": 10
  }
}
saved: results/binary_latent_neighbor_y125mm_seed2/closed_loop_failure_audit.json
