{
  "source": "results/binary_latent_neighbor_x125mm_seed2",
  "phase": "evaluation",
  "all_align_decisions": {
    "decisions": 1855,
    "teacher_agreement_rate": 0.3681940700808625,
    "unique_pm_winner_rate": 0.4501347708894879,
    "mean_pm_tie_count": 1.9795148247978436,
    "zero_pm_window_rate": 0.0
  },
  "by_final_outcome": {
    "success": {
      "decisions": 175,
      "teacher_agreement_rate": 0.88,
      "unique_pm_winner_rate": 0.7314285714285714,
      "mean_pm_tie_count": 1.6057142857142856,
      "zero_pm_window_rate": 0.0
    },
    "failure": {
      "decisions": 1680,
      "teacher_agreement_rate": 0.3148809523809524,
      "unique_pm_winner_rate": 0.42083333333333334,
      "mean_pm_tie_count": 2.018452380952381,
      "zero_pm_window_rate": 0.0
    }
  },
  "first_errors": [
    {
      "episode": 0,
      "outcome": "failure",
      "first_error": {
        "decision": 17,
        "state": [
          59
        ],
        "teacher_action": 0,
        "network_action": 2,
        "pm_tie_count": 2,
        "xy_error_before_m": 0.09775643693115717,
        "xy_error_after_m": 0.09578040582209968
      }
    },
    {
      "episode": 1,
      "outcome": "success",
      "first_error": {
        "decision": 17,
        "state": [
          59
        ],
        "teacher_action": 0,
        "network_action": 2,
        "pm_tie_count": 2,
        "xy_error_before_m": 0.09775643693115717,
        "xy_error_after_m": 0.09578040582209968
      }
    },
    {
      "episode": 2,
      "outcome": "failure",
      "first_error": {
        "decision": 17,
        "state": [
          59
        ],
        "teacher_action": 0,
        "network_action": 2,
        "pm_tie_count": 2,
        "xy_error_before_m": 0.09775643693115717,
        "xy_error_after_m": 0.09578040582209968
      }
    },
    {
      "episode": 3,
      "outcome": "failure",
      "first_error": {
        "decision": 34,
        "state": [
          58
        ],
        "teacher_action": 0,
        "network_action": 1,
        "pm_tie_count": 2,
        "xy_error_before_m": 0.043975516313990416,
        "xy_error_after_m": 0.04330652454010823
      }
    },
    {
      "episode": 4,
      "outcome": "success",
      "first_error": {
        "decision": 35,
        "state": [
          58
        ],
        "teacher_action": 0,
        "network_action": 1,
        "pm_tie_count": 4,
        "xy_error_before_m": 0.04083753442703753,
        "xy_error_after_m": 0.040167896254683116
      }
    },
    {
      "episode": 5,
      "outcome": "failure",
      "first_error": {
        "decision": 29,
        "state": [
          59
        ],
        "teacher_action": 0,
        "network_action": 1,
        "pm_tie_count": 2,
        "xy_error_before_m": 0.05973792663196675,
        "xy_error_after_m": 0.05907476342334674
      }
    },
    {
      "episode": 6,
      "outcome": "failure",
      "first_error": {
        "decision": 35,
        "state": [
          58
        ],
        "teacher_action": 0,
        "network_action": 1,
        "pm_tie_count": 4,
        "xy_error_before_m": 0.04083753442703753,
        "xy_error_after_m": 0.040167896254683116
      }
    },
    {
      "episode": 7,
      "outcome": "success",
      "first_error": {
        "decision": 29,
        "state": [
          59
        ],
        "teacher_action": 0,
        "network_action": 1,
        "pm_tie_count": 2,
        "xy_error_before_m": 0.05973792663196675,
        "xy_error_after_m": 0.05907476342334674
      }
    },
    {
      "episode": 8,
      "outcome": "failure",
      "first_error": {
        "decision": 17,
        "state": [
          59
        ],
        "teacher_action": 0,
        "network_action": 2,
        "pm_tie_count": 2,
        "xy_error_before_m": 0.09775643693115717,
        "xy_error_after_m": 0.09578040582209968
      }
    },
    {
      "episode": 9,
      "outcome": "failure",
      "first_error": {
        "decision": 17,
        "state": [
          59
        ],
        "teacher_action": 0,
        "network_action": 2,
        "pm_tie_count": 2,
        "xy_error_before_m": 0.09775643693115717,
        "xy_error_after_m": 0.09578040582209968
      }
    }
  ],
  "first_error_state_action_counts": {
    "(59,)|0": 7,
    "(58,)|0": 3
  }
}
saved: results/binary_latent_neighbor_x125mm_seed2/closed_loop_failure_audit.json
