{
  "source": "results/residual_decay05_pairedrng_seed2",
  "phase": "evaluation",
  "all_align_decisions": {
    "decisions": 1113,
    "teacher_agreement_rate": 0.4393530997304582,
    "unique_pm_winner_rate": 0.5283018867924528,
    "mean_pm_tie_count": 2.1716082659478886,
    "zero_pm_window_rate": 0.0
  },
  "by_final_outcome": {
    "success": {
      "decisions": 45,
      "teacher_agreement_rate": 0.9555555555555556,
      "unique_pm_winner_rate": 0.9111111111111111,
      "mean_pm_tie_count": 1.1777777777777778,
      "zero_pm_window_rate": 0.0
    },
    "failure": {
      "decisions": 1068,
      "teacher_agreement_rate": 0.41760299625468167,
      "unique_pm_winner_rate": 0.5121722846441947,
      "mean_pm_tie_count": 2.2134831460674156,
      "zero_pm_window_rate": 0.0
    }
  },
  "first_errors": [
    {
      "episode": 0,
      "outcome": "failure",
      "first_error": {
        "decision": 31,
        "state": [
          58
        ],
        "teacher_action": 0,
        "network_action": 1,
        "pm_tie_count": 2,
        "xy_error_before_m": 0.04105819979061536,
        "xy_error_after_m": 0.040396192224699826
      }
    },
    {
      "episode": 1,
      "outcome": "failure",
      "first_error": {
        "decision": 29,
        "state": [
          58
        ],
        "teacher_action": 0,
        "network_action": 1,
        "pm_tie_count": 2,
        "xy_error_before_m": 0.04734361032547886,
        "xy_error_after_m": 0.04668315856582404
      }
    },
    {
      "episode": 2,
      "outcome": "failure",
      "first_error": {
        "decision": 30,
        "state": [
          58
        ],
        "teacher_action": 0,
        "network_action": 1,
        "pm_tie_count": 6,
        "xy_error_before_m": 0.04419796727467919,
        "xy_error_after_m": 0.04353648318861052
      }
    },
    {
      "episode": 3,
      "outcome": "failure",
      "first_error": {
        "decision": 29,
        "state": [
          58
        ],
        "teacher_action": 0,
        "network_action": 1,
        "pm_tie_count": 2,
        "xy_error_before_m": 0.04734361032547886,
        "xy_error_after_m": 0.04668315856582404
      }
    },
    {
      "episode": 4,
      "outcome": "failure",
      "first_error": {
        "decision": 30,
        "state": [
          58
        ],
        "teacher_action": 0,
        "network_action": 1,
        "pm_tie_count": 6,
        "xy_error_before_m": 0.04419796727467919,
        "xy_error_after_m": 0.04353648318861052
      }
    },
    {
      "episode": 5,
      "outcome": "success",
      "first_error": {
        "decision": 33,
        "state": [
          57
        ],
        "teacher_action": 0,
        "network_action": 2,
        "pm_tie_count": 1,
        "xy_error_before_m": 0.034802480795692696,
        "xy_error_after_m": 0.032686907308209646
      }
    }
  ],
  "first_error_state_action_counts": {
    "(58,)|0": 5,
    "(57,)|0": 1
  }
}
saved: results/residual_decay05_pairedrng_seed2/closed_loop_failure_audit.json
