{
  "source": "results/binary_latent_extended20_pairedrng_seed0",
  "phase": "evaluation",
  "all_align_decisions": {
    "decisions": 3284,
    "teacher_agreement_rate": 0.3617539585870889,
    "unique_pm_winner_rate": 0.49573690621193667,
    "mean_pm_tie_count": 1.7752740560292326,
    "zero_pm_window_rate": 0.0
  },
  "by_final_outcome": {
    "success": {
      "decisions": 472,
      "teacher_agreement_rate": 0.8177966101694916,
      "unique_pm_winner_rate": 0.6864406779661016,
      "mean_pm_tie_count": 1.7055084745762712,
      "zero_pm_window_rate": 0.0
    },
    "failure": {
      "decisions": 2812,
      "teacher_agreement_rate": 0.2852062588904694,
      "unique_pm_winner_rate": 0.46372688477951635,
      "mean_pm_tie_count": 1.7869843527738265,
      "zero_pm_window_rate": 0.0
    }
  },
  "first_errors": [
    {
      "episode": 0,
      "outcome": "success",
      "first_error": {
        "decision": 33,
        "state": [
          57
        ],
        "teacher_action": 0,
        "network_action": 2,
        "pm_tie_count": 2,
        "xy_error_before_m": 0.03480248079549021,
        "xy_error_after_m": 0.03268690730800645
      }
    },
    {
      "episode": 1,
      "outcome": "success",
      "first_error": {
        "decision": 34,
        "state": [
          57
        ],
        "teacher_action": 0,
        "network_action": 3,
        "pm_tie_count": 1,
        "xy_error_before_m": 0.03169109623152105,
        "xy_error_after_m": 0.030114613711444204
      }
    },
    {
      "episode": 2,
      "outcome": "success",
      "first_error": {
        "decision": 31,
        "state": [
          58
        ],
        "teacher_action": 0,
        "network_action": 1,
        "pm_tie_count": 4,
        "xy_error_before_m": 0.04105819979192953,
        "xy_error_after_m": 0.040396192226013365
      }
    },
    {
      "episode": 3,
      "outcome": "failure",
      "first_error": {
        "decision": 32,
        "state": [
          57
        ],
        "teacher_action": 0,
        "network_action": 3,
        "pm_tie_count": 3,
        "xy_error_before_m": 0.03792573211778022,
        "xy_error_after_m": 0.03628395594239799
      }
    },
    {
      "episode": 4,
      "outcome": "failure",
      "first_error": {
        "decision": 31,
        "state": [
          58
        ],
        "teacher_action": 0,
        "network_action": 1,
        "pm_tie_count": 4,
        "xy_error_before_m": 0.04105819979219911,
        "xy_error_after_m": 0.0403961922262828
      }
    },
    {
      "episode": 5,
      "outcome": "success",
      "first_error": {
        "decision": 32,
        "state": [
          57
        ],
        "teacher_action": 0,
        "network_action": 3,
        "pm_tie_count": 3,
        "xy_error_before_m": 0.03792573211778022,
        "xy_error_after_m": 0.03628395594239799
      }
    },
    {
      "episode": 6,
      "outcome": "failure",
      "first_error": {
        "decision": 32,
        "state": [
          57
        ],
        "teacher_action": 0,
        "network_action": 2,
        "pm_tie_count": 3,
        "xy_error_before_m": 0.03792573211778022,
        "xy_error_after_m": 0.035824510513351206
      }
    },
    {
      "episode": 7,
      "outcome": "failure",
      "first_error": {
        "decision": 35,
        "state": [
          57
        ],
        "teacher_action": 0,
        "network_action": 2,
        "pm_tie_count": 3,
        "xy_error_before_m": 0.028595356079296204,
        "xy_error_after_m": 0.026444657589524998
      }
    },
    {
      "episode": 8,
      "outcome": "failure",
      "first_error": {
        "decision": 31,
        "state": [
          58
        ],
        "teacher_action": 0,
        "network_action": 1,
        "pm_tie_count": 4,
        "xy_error_before_m": 0.04105819979194467,
        "xy_error_after_m": 0.0403961922260285
      }
    },
    {
      "episode": 9,
      "outcome": "failure",
      "first_error": {
        "decision": 34,
        "state": [
          57
        ],
        "teacher_action": 0,
        "network_action": 2,
        "pm_tie_count": 2,
        "xy_error_before_m": 0.03169109623152105,
        "xy_error_after_m": 0.029559161725757392
      }
    },
    {
      "episode": 10,
      "outcome": "success",
      "first_error": {
        "decision": 36,
        "state": [
          56
        ],
        "teacher_action": 0,
        "network_action": 2,
        "pm_tie_count": 1,
        "xy_error_before_m": 0.02552083337576566,
        "xy_error_after_m": 0.023348552797289108
      }
    },
    {
      "episode": 11,
      "outcome": "failure",
      "first_error": {
        "decision": 31,
        "state": [
          58
        ],
        "teacher_action": 0,
        "network_action": 1,
        "pm_tie_count": 4,
        "xy_error_before_m": 0.04105819979194467,
        "xy_error_after_m": 0.0403961922260285
      }
    },
    {
      "episode": 12,
      "outcome": "failure",
      "first_error": {
        "decision": 33,
        "state": [
          57
        ],
        "teacher_action": 0,
        "network_action": 2,
        "pm_tie_count": 2,
        "xy_error_before_m": 0.03480248079549021,
        "xy_error_after_m": 0.03268690730800645
      }
    },
    {
      "episode": 13,
      "outcome": "success",
      "first_error": {
        "decision": 31,
        "state": [
          58
        ],
        "teacher_action": 0,
        "network_action": 1,
        "pm_tie_count": 4,
        "xy_error_before_m": 0.04105819979194467,
        "xy_error_after_m": 0.0403961922260285
      }
    },
    {
      "episode": 14,
      "outcome": "failure",
      "first_error": {
        "decision": 31,
        "state": [
          58
        ],
        "teacher_action": 0,
        "network_action": 1,
        "pm_tie_count": 4,
        "xy_error_before_m": 0.04105819979194467,
        "xy_error_after_m": 0.0403961922260285
      }
    },
    {
      "episode": 15,
      "outcome": "failure",
      "first_error": {
        "decision": 31,
        "state": [
          58
        ],
        "teacher_action": 0,
        "network_action": 1,
        "pm_tie_count": 4,
        "xy_error_before_m": 0.041058199791559086,
        "xy_error_after_m": 0.0403961922256431
      }
    },
    {
      "episode": 16,
      "outcome": "success",
      "first_error": {
        "decision": 33,
        "state": [
          57
        ],
        "teacher_action": 0,
        "network_action": 2,
        "pm_tie_count": 2,
        "xy_error_before_m": 0.03480248079549021,
        "xy_error_after_m": 0.03268690730800645
      }
    },
    {
      "episode": 17,
      "outcome": "success",
      "first_error": {
        "decision": 35,
        "state": [
          57
        ],
        "teacher_action": 0,
        "network_action": 3,
        "pm_tie_count": 3,
        "xy_error_before_m": 0.028595356079296204,
        "xy_error_after_m": 0.02706425941243741
      }
    },
    {
      "episode": 18,
      "outcome": "failure",
      "first_error": {
        "decision": 31,
        "state": [
          58
        ],
        "teacher_action": 0,
        "network_action": 1,
        "pm_tie_count": 4,
        "xy_error_before_m": 0.04105819979194467,
        "xy_error_after_m": 0.0403961922260285
      }
    },
    {
      "episode": 19,
      "outcome": "failure",
      "first_error": {
        "decision": 31,
        "state": [
          58
        ],
        "teacher_action": 0,
        "network_action": 1,
        "pm_tie_count": 4,
        "xy_error_before_m": 0.04105819979194467,
        "xy_error_after_m": 0.0403961922260285
      }
    }
  ],
  "first_error_state_action_counts": {
    "(57,)|0": 10,
    "(58,)|0": 9,
    "(56,)|0": 1
  }
}
saved: results/binary_latent_extended20_pairedrng_seed0/closed_loop_failure_audit.json
