pygame 2.5.2 (SDL 2.28.2, Python 3.10.4)
Hello from the pygame community. https://www.pygame.org/contribute.html
{
  "samples": 248,
  "unique_one_hot_states": 12,
  "label_counts": [
    188,
    26,
    23,
    11,
    0,
    0,
    0,
    0
  ],
  "states_with_conflicting_labels": 0,
  "random_sample_validation": {
    "validation_state_count": 11,
    "states_also_in_training": 11
  },
  "reset_state_deployed_pm_readout": {
    "top1_accuracy": 0.7580645161290323,
    "prediction_counts": [
      248,
      0,
      0,
      0,
      0,
      0,
      0,
      0
    ],
    "confusion_rows_teacher_columns_pm": [
      [
        188,
        0,
        0,
        0,
        0,
        0,
        0,
        0
      ],
      [
        26,
        0,
        0,
        0,
        0,
        0,
        0,
        0
      ],
      [
        23,
        0,
        0,
        0,
        0,
        0,
        0,
        0
      ],
      [
        11,
        0,
        0,
        0,
        0,
        0,
        0,
        0
      ],
      [
        0,
        0,
        0,
        0,
        0,
        0,
        0,
        0
      ],
      [
        0,
        0,
        0,
        0,
        0,
        0,
        0,
        0
      ],
      [
        0,
        0,
        0,
        0,
        0,
        0,
        0,
        0
      ],
      [
        0,
        0,
        0,
        0,
        0,
        0,
        0,
        0
      ]
    ],
    "per_class_precision": [
      0.7580645161290323,
      NaN,
      NaN,
      NaN,
      NaN,
      NaN,
      NaN,
      NaN
    ],
    "per_class_recall": [
      1.0,
      0.0,
      0.0,
      0.0,
      NaN,
      NaN,
      NaN,
      NaN
    ],
    "macro_f1_present_classes": 0.21559633027522937,
    "pm_counts_per_sample": [
      [
        10.0,
        10.0,
        8.0,
        10.0,
        0.0,
        0.0,
        0.0,
        0.0
      ],
      [
        10.0,
        10.0,
        7.0,
        10.0,
        0.0,
        0.0,
        0.0,
        0.0
      ],
      [
        10.0,
        10.0,
        7.0,
        10.0,
        0.0,
        0.0,
        0.0,
        0.0
      ],
      [
        10.0,
        10.0,
        7.0,
        10.0,
        0.0,
        0.0,
        0.0,
        0.0
      ],
      [
        10.0,
        10.0,
        7.0,
        10.0,
        0.0,
        0.0,
        0.0,
        0.0
      ],
      [
        10.0,
        10.0,
        7.0,
        10.0,
        0.0,
        0.0,
        0.0,
        0.0
      ],
      [
        10.0,
        10.0,
        7.0,
        10.0,
        0.0,
        0.0,
        0.0,
        0.0
      ],
      [
        10.0,
        10.0,
        7.0,
        10.0,
        0.0,
        0.0,
        0.0,
        0.0
      ],
      [
        10.0,
        10.0,
        7.0,
        10.0,
        0.0,
        0.0,
        0.0,
        0.0
      ],
      [
        10.0,
        10.0,
        7.0,
        10.0,
        0.0,
        0.0,
        0.0,
        0.0
      ],
      [
        10.0,
        10.0,
        7.0,
        10.0,
        0.0,
        0.0,
        0.0,
        0.0
      ],
      [
        10.0,
        10.0,
        7.0,
        10.0,
        0.0,
        0.0,
        0.0,
        0.0
      ],
      [
        10.0,
        10.0,
        7.0,
        10.0,
        0.0,
        0.0,
        0.0,
        0.0
      ],
      [
        10.0,
        10.0,
        7.0,
        10.0,
        0.0,
        0.0,
        0.0,
        0.0
      ],
      [
        10.0,
        10.0,
        7.0,
        10.0,
        0.0,
        0.0,
        0.0,
        0.0
      ],
      [
        10.0,
        10.0,
        7.0,
        10.0,
        0.0,
        0.0,
        0.0,
        0.0
      ],
      [
        10.0,
        10.0,
        7.0,
        10.0,
        0.0,
        0.0,
        0.0,
        0.0
      ],
      [
        10.0,
        10.0,
        7.0,
        10.0,
        0.0,
        0.0,
        0.0,
        0.0
      ],
      [
        10.0,
        10.0,
        7.0,
        10.0,
        0.0,
        0.0,
        0.0,
        0.0
      ],
      [
        10.0,
        10.0,
        7.0,
        10.0,
        0.0,
        0.0,
        0.0,
        0.0
      ],
      [
        10.0,
        10.0,
        7.0,
        10.0,
        0.0,
        0.0,
        0.0,
        0.0
      ],
      [
        10.0,
        10.0,
        7.0,
        10.0,
        0.0,
        0.0,
        0.0,
        0.0
      ],
      [
        10.0,
        10.0,
        7.0,
        10.0,
        0.0,
        0.0,
        0.0,
        0.0
      ],
      [
        10.0,
        10.0,
        7.0,
        10.0,
        0.0,
        0.0,
        0.0,
        0.0
      ],
      [
        10.0,
        10.0,
        7.0,
        10.0,
        0.0,
        0.0,
        0.0,
        0.0
      ],
      [
        10.0,
        10.0,
        7.0,
        10.0,
        0.0,
        0.0,
        0.0,
        0.0
      ],
      [
        10.0,
        10.0,
        7.0,
        10.0,
        0.0,
        0.0,
        0.0,
        0.0
      ],
      [
        10.0,
        10.0,
        7.0,
        10.0,
        0.0,
        0.0,
        0.0,
        0.0
      ],
      [
        10.0,
        10.0,
        7.0,
        10.0,
        0.0,
        0.0,
        0.0,
        0.0
      ],
      [
        10.0,
        10.0,
        7.0,
        10.0,
        0.0,
        0.0,
        0.0,
        0.0
      ],
      [
        10.0,
        10.0,
        7.0,
        10.0,
        0.0,
        0.0,
        0.0,
        0.0
      ],
      [
        10.0,
        10.0,
        7.0,
        10.0,
        0.0,
        0.0,
        0.0,
        0.0
      ],
      [
        10.0,
        10.0,
        7.0,
        10.0,
        0.0,
        0.0,
        0.0,
        0.0
      ],
      [
        10.0,
        10.0,
        7.0,
        10.0,
        0.0,
        0.0,
        0.0,
        0.0
      ],
      [
        10.0,
        10.0,
        7.0,
        10.0,
        0.0,
        0.0,
        0.0,
        0.0
      ],
      [
        10.0,
        10.0,
        7.0,
        10.0,
        0.0,
        0.0,
        0.0,
        0.0
      ],
      [
        10.0,
        10.0,
        7.0,
        10.0,
        0.0,
        0.0,
        0.0,
        0.0
      ],
      [
        10.0,
        10.0,
        7.0,
        10.0,
        0.0,
        0.0,
        0.0,
        0.0
      ],
      [
        10.0,
        10.0,
        7.0,
        10.0,
        0.0,
        0.0,
        0.0,
        0.0
      ],
      [
        10.0,
        10.0,
        7.0,
        10.0,
        0.0,
        0.0,
        0.0,
        0.0
      ],
      [
        10.0,
        10.0,
        7.0,
        10.0,
        0.0,
        0.0,
        0.0,
        0.0
      ],
      [
        9.0,
        9.0,
        7.0,
        9.0,
        1.0,
        1.0,
        1.0,
        1.0
      ],
      [
        9.0,
        9.0,
        7.0,
        9.0,
        1.0,
        1.0,
        1.0,
        1.0
      ],
      [
        9.0,
        9.0,
        7.0,
        9.0,
        1.0,
        1.0,
        1.0,
        1.0
      ],
      [
        10.0,
        10.0,
        7.0,
        10.0,
        0.0,
        0.0,
        0.0,
        0.0
      ],
      [
        10.0,
        10.0,
        7.0,
        10.0,
        0.0,
        0.0,
        0.0,
        0.0
      ],
      [
        10.0,
        10.0,
        7.0,
        10.0,
        0.0,
        0.0,
        0.0,
        0.0
      ],
      [
        10.0,
        10.0,
        7.0,
        10.0,
        0.0,
        0.0,
        0.0,
        0.0
      ],
      [
        10.0,
        10.0,
        7.0,
        10.0,
        0.0,
        0.0,
        0.0,
        0.0
      ],
      [
        10.0,
        10.0,
        7.0,
        10.0,
        0.0,
        0.0,
        0.0,
        0.0
      ],
      [
        10.0,
        10.0,
        7.0,
        10.0,
        0.0,
        0.0,
        0.0,
        0.0
      ],
      [
        10.0,
        10.0,
        7.0,
        10.0,
        0.0,
        0.0,
        0.0,
        0.0
      ],
      [
        10.0,
        10.0,
        7.0,
        10.0,
        0.0,
        0.0,
        0.0,
        0.0
      ],
      [
        10.0,
        10.0,
        7.0,
        10.0,
        0.0,
        0.0,
        0.0,
        0.0
      ],
      [
        10.0,
        10.0,
        7.0,
        10.0,
        0.0,
        0.0,
        0.0,
        0.0
      ],
      [
        10.0,
        10.0,
        7.0,
        10.0,
        0.0,
        0.0,
        0.0,
        0.0
      ],
      [
        10.0,
        10.0,
        7.0,
        10.0,
        0.0,
        0.0,
        0.0,
        0.0
      ],
      [
        10.0,
        10.0,
        7.0,
        10.0,
        0.0,
        0.0,
        0.0,
        0.0
      ],
      [
        10.0,
        10.0,
        7.0,
        10.0,
        0.0,
        0.0,
        0.0,
        0.0
      ],
      [
        10.0,
        10.0,
        7.0,
        10.0,
        0.0,
        0.0,
        0.0,
        0.0
      ],
      [
        10.0,
        10.0,
        7.0,
        10.0,
        0.0,
        0.0,
        0.0,
        0.0
      ],
      [
        10.0,
        10.0,
        7.0,
        10.0,
        0.0,
        0.0,
        0.0,
        0.0
      ],
      [
        10.0,
        10.0,
        7.0,
        10.0,
        0.0,
        0.0,
        0.0,
        0.0
      ],
      [
        10.0,
        10.0,
        7.0,
        10.0,
        0.0,
        0.0,
        0.0,
        0.0
      ],
      [
        10.0,
        10.0,
        7.0,
        10.0,
        0.0,
        0.0,
        0.0,
        0.0
      ],
      [
        10.0,
        10.0,
        7.0,
        10.0,
        0.0,
        0.0,
        0.0,
        0.0
      ],
      [
        10.0,
        10.0,
        7.0,
        10.0,
        0.0,
        0.0,
        0.0,
        0.0
      ],
      [
        10.0,
        10.0,
        7.0,
        10.0,
        0.0,
        0.0,
        0.0,
        0.0
      ],
      [
        10.0,
        10.0,
        7.0,
        10.0,
        0.0,
        0.0,
        0.0,
        0.0
      ],
      [
        10.0,
        10.0,
        7.0,
        10.0,
        0.0,
        0.0,
        0.0,
        0.0
      ],
      [
        10.0,
        10.0,
        7.0,
        10.0,
        0.0,
        0.0,
        0.0,
        0.0
      ],
      [
        10.0,
        10.0,
        7.0,
        10.0,
        0.0,
        0.0,
        0.0,
        0.0
      ],
      [
        10.0,
        10.0,
        7.0,
        10.0,
        0.0,
        0.0,
        0.0,
        0.0
      ],
      [
        10.0,
        10.0,
        7.0,
        10.0,
        0.0,
        0.0,
        0.0,
        0.0
      ],
      [
        10.0,
        10.0,
        7.0,
        10.0,
        0.0,
        0.0,
        0.0,
        0.0
      ],
      [
        10.0,
        10.0,
        7.0,
        10.0,
        0.0,
        0.0,
        0.0,
        0.0
      ],
      [
        10.0,
        10.0,
        7.0,
        10.0,
        0.0,
        0.0,
        0.0,
        0.0
      ],
      [
        10.0,
        10.0,
        7.0,
        10.0,
        0.0,
        0.0,
        0.0,
        0.0
      ],
      [
        10.0,
        10.0,
        7.0,
        10.0,
        0.0,
        0.0,
        0.0,
        0.0
      ],
      [
        10.0,
        10.0,
        7.0,
        10.0,
        0.0,
        0.0,
        0.0,
        0.0
      ],
      [
        10.0,
        10.0,
        7.0,
        10.0,
        0.0,
        0.0,
        0.0,
        0.0
      ],
      [
        10.0,
        10.0,
        7.0,
        10.0,
        0.0,
        0.0,
        0.0,
        0.0
      ],
      [
        10.0,
        10.0,
        7.0,
        10.0,
        0.0,
        0.0,
        0.0,
        0.0
      ],
      [
        10.0,
        10.0,
        7.0,
        10.0,
        0.0,
        0.0,
        0.0,
        0.0
      ],
      [
        10.0,
        10.0,
        7.0,
        10.0,
        0.0,
        0.0,
        0.0,
        0.0
      ],
      [
        10.0,
        10.0,
        7.0,
        10.0,
        0.0,
        0.0,
        0.0,
        0.0
      ],
      [
        9.0,
        9.0,
        7.0,
        9.0,
        1.0,
        1.0,
        1.0,
        1.0
      ],
      [
        9.0,
        9.0,
        7.0,
        9.0,
        1.0,
        1.0,
        1.0,
        1.0
      ],
      [
        9.0,
        9.0,
        7.0,
        9.0,
        1.0,
        1.0,
        1.0,
        1.0
      ],
      [
        10.0,
        10.0,
        7.0,
        10.0,
        0.0,
        0.0,
        0.0,
        0.0
      ],
      [
        10.0,
        10.0,
        7.0,
        10.0,
        0.0,
        0.0,
        0.0,
        0.0
      ],
      [
        10.0,
        10.0,
        7.0,
        10.0,
        0.0,
        0.0,
        0.0,
        0.0
      ],
      [
        10.0,
        10.0,
        7.0,
        10.0,
        0.0,
        0.0,
        0.0,
        0.0
      ],
      [
        10.0,
        10.0,
        7.0,
        10.0,
        0.0,
        0.0,
        0.0,
        0.0
      ],
      [
        10.0,
        10.0,
        7.0,
        10.0,
        0.0,
        0.0,
        0.0,
        0.0
      ],
      [
        10.0,
        10.0,
        7.0,
        10.0,
        0.0,
        0.0,
        0.0,
        0.0
      ],
      [
        10.0,
        10.0,
        7.0,
        10.0,
        0.0,
        0.0,
        0.0,
        0.0
      ],
      [
        10.0,
        10.0,
        7.0,
        10.0,
        0.0,
        0.0,
        0.0,
        0.0
      ],
      [
        10.0,
        10.0,
        7.0,
        10.0,
        0.0,
        0.0,
        0.0,
        0.0
      ],
      [
        10.0,
        10.0,
        7.0,
        10.0,
        0.0,
        0.0,
        0.0,
        0.0
      ],
      [
        10.0,
        10.0,
        7.0,
        10.0,
        0.0,
        0.0,
        0.0,
        0.0
      ],
      [
        10.0,
        10.0,
        7.0,
        10.0,
        0.0,
        0.0,
        0.0,
        0.0
      ],
      [
        10.0,
        10.0,
        7.0,
        10.0,
        0.0,
        0.0,
        0.0,
        0.0
      ],
      [
        10.0,
        10.0,
        7.0,
        10.0,
        0.0,
        0.0,
        0.0,
        0.0
      ],
      [
        10.0,
        10.0,
        7.0,
        10.0,
        0.0,
        0.0,
        0.0,
        0.0
      ],
      [
        10.0,
        10.0,
        7.0,
        10.0,
        0.0,
        0.0,
        0.0,
        0.0
      ],
      [
        10.0,
        10.0,
        7.0,
        10.0,
        0.0,
        0.0,
        0.0,
        0.0
      ],
      [
        10.0,
        10.0,
        7.0,
        10.0,
        0.0,
        0.0,
        0.0,
        0.0
      ],
      [
        10.0,
        10.0,
        7.0,
        10.0,
        0.0,
        0.0,
        0.0,
        0.0
      ],
      [
        10.0,
        10.0,
        7.0,
        10.0,
        0.0,
        0.0,
        0.0,
        0.0
      ],
      [
        10.0,
        10.0,
        7.0,
        10.0,
        0.0,
        0.0,
        0.0,
        0.0
      ],
      [
        10.0,
        10.0,
        7.0,
        10.0,
        0.0,
        0.0,
        0.0,
        0.0
      ],
      [
        10.0,
        10.0,
        7.0,
        10.0,
        0.0,
        0.0,
        0.0,
        0.0
      ],
      [
        10.0,
        10.0,
        7.0,
        10.0,
        0.0,
        0.0,
        0.0,
        0.0
      ],
      [
        10.0,
        10.0,
        7.0,
        10.0,
        0.0,
        0.0,
        0.0,
        0.0
      ],
      [
        10.0,
        10.0,
        7.0,
        10.0,
        0.0,
        0.0,
        0.0,
        0.0
      ],
      [
        10.0,
        10.0,
        7.0,
        10.0,
        0.0,
        0.0,
        0.0,
        0.0
      ],
      [
        10.0,
        10.0,
        7.0,
        10.0,
        0.0,
        0.0,
        0.0,
        0.0
      ],
      [
        10.0,
        10.0,
        7.0,
        10.0,
        0.0,
        0.0,
        0.0,
        0.0
      ],
      [
        10.0,
        10.0,
        7.0,
        10.0,
        0.0,
        0.0,
        0.0,
        0.0
      ],
      [
        10.0,
        10.0,
        7.0,
        10.0,
        0.0,
        0.0,
        0.0,
        0.0
      ],
      [
        10.0,
        10.0,
        7.0,
        10.0,
        0.0,
        0.0,
        0.0,
        0.0
      ],
      [
        10.0,
        10.0,
        7.0,
        10.0,
        0.0,
        0.0,
        0.0,
        0.0
      ],
      [
        10.0,
        10.0,
        7.0,
        10.0,
        0.0,
        0.0,
        0.0,
        0.0
      ],
      [
        10.0,
        10.0,
        7.0,
        10.0,
        0.0,
        0.0,
        0.0,
        0.0
      ],
      [
        10.0,
        10.0,
        7.0,
        10.0,
        0.0,
        0.0,
        0.0,
        0.0
      ],
      [
        10.0,
        10.0,
        7.0,
        10.0,
        0.0,
        0.0,
        0.0,
        0.0
      ],
      [
        10.0,
        10.0,
        7.0,
        10.0,
        0.0,
        0.0,
        0.0,
        0.0
      ],
      [
        10.0,
        10.0,
        7.0,
        10.0,
        0.0,
        0.0,
        0.0,
        0.0
      ],
      [
        10.0,
        10.0,
        7.0,
        10.0,
        0.0,
        0.0,
        0.0,
        0.0
      ],
      [
        10.0,
        10.0,
        7.0,
        10.0,
        0.0,
        0.0,
        0.0,
        0.0
      ],
      [
        10.0,
        10.0,
        7.0,
        10.0,
        0.0,
        0.0,
        0.0,
        0.0
      ],
      [
        10.0,
        10.0,
        7.0,
        10.0,
        0.0,
        0.0,
        0.0,
        0.0
      ],
      [
        10.0,
        10.0,
        7.0,
        10.0,
        0.0,
        0.0,
        0.0,
        0.0
      ],
      [
        10.0,
        10.0,
        7.0,
        10.0,
        0.0,
        0.0,
        0.0,
        0.0
      ],
      [
        10.0,
        10.0,
        7.0,
        10.0,
        0.0,
        0.0,
        0.0,
        0.0
      ],
      [
        10.0,
        10.0,
        7.0,
        10.0,
        0.0,
        0.0,
        0.0,
        0.0
      ],
      [
        10.0,
        10.0,
        7.0,
        10.0,
        0.0,
        0.0,
        0.0,
        0.0
      ],
      [
        10.0,
        10.0,
        7.0,
        10.0,
        0.0,
        0.0,
        0.0,
        0.0
      ],
      [
        9.0,
        9.0,
        7.0,
        9.0,
        1.0,
        1.0,
        1.0,
        1.0
      ],
      [
        9.0,
        9.0,
        7.0,
        9.0,
        1.0,
        1.0,
        1.0,
        1.0
      ],
      [
        9.0,
        9.0,
        8.0,
        9.0,
        1.0,
        1.0,
        1.0,
        1.0
      ],
      [
        9.0,
        9.0,
        8.0,
        9.0,
        1.0,
        1.0,
        1.0,
        1.0
      ],
      [
        9.0,
        9.0,
        8.0,
        9.0,
        1.0,
        1.0,
        1.0,
        1.0
      ],
      [
        9.0,
        9.0,
        8.0,
        9.0,
        1.0,
        1.0,
        1.0,
        1.0
      ],
      [
        9.0,
        9.0,
        8.0,
        9.0,
        1.0,
        1.0,
        1.0,
        1.0
      ],
      [
        9.0,
        9.0,
        8.0,
        9.0,
        1.0,
        1.0,
        1.0,
        1.0
      ],
      [
        10.0,
        10.0,
        7.0,
        10.0,
        0.0,
        0.0,
        0.0,
        0.0
      ],
      [
        10.0,
        10.0,
        7.0,
        10.0,
        0.0,
        0.0,
        0.0,
        0.0
      ],
      [
        10.0,
        10.0,
        7.0,
        10.0,
        0.0,
        0.0,
        0.0,
        0.0
      ],
      [
        10.0,
        10.0,
        7.0,
        10.0,
        0.0,
        0.0,
        0.0,
        0.0
      ],
      [
        10.0,
        10.0,
        7.0,
        10.0,
        0.0,
        0.0,
        0.0,
        0.0
      ],
      [
        9.0,
        9.0,
        7.0,
        9.0,
        1.0,
        1.0,
        1.0,
        1.0
      ],
      [
        10.0,
        10.0,
        7.0,
        10.0,
        0.0,
        0.0,
        0.0,
        0.0
      ],
      [
        10.0,
        10.0,
        7.0,
        10.0,
        0.0,
        0.0,
        0.0,
        0.0
      ],
      [
        10.0,
        10.0,
        7.0,
        10.0,
        0.0,
        0.0,
        0.0,
        0.0
      ],
      [
        10.0,
        10.0,
        7.0,
        10.0,
        0.0,
        0.0,
        0.0,
        0.0
      ],
      [
        10.0,
        10.0,
        7.0,
        10.0,
        0.0,
        0.0,
        0.0,
        0.0
      ],
      [
        10.0,
        10.0,
        7.0,
        10.0,
        0.0,
        0.0,
        0.0,
        0.0
      ],
      [
        10.0,
        10.0,
        7.0,
        10.0,
        0.0,
        0.0,
        0.0,
        0.0
      ],
      [
        10.0,
        10.0,
        7.0,
        10.0,
        0.0,
        0.0,
        0.0,
        0.0
      ],
      [
        10.0,
        10.0,
        7.0,
        10.0,
        0.0,
        0.0,
        0.0,
        0.0
      ],
      [
        10.0,
        10.0,
        7.0,
        10.0,
        0.0,
        0.0,
        0.0,
        0.0
      ],
      [
        10.0,
        10.0,
        7.0,
        10.0,
        0.0,
        0.0,
        0.0,
        0.0
      ],
      [
        10.0,
        10.0,
        7.0,
        10.0,
        0.0,
        0.0,
        0.0,
        0.0
      ],
      [
        10.0,
        10.0,
        7.0,
        10.0,
        0.0,
        0.0,
        0.0,
        0.0
      ],
      [
        10.0,
        10.0,
        7.0,
        10.0,
        0.0,
        0.0,
        0.0,
        0.0
      ],
      [
        10.0,
        10.0,
        7.0,
        10.0,
        0.0,
        0.0,
        0.0,
        0.0
      ],
      [
        10.0,
        10.0,
        7.0,
        10.0,
        0.0,
        0.0,
        0.0,
        0.0
      ],
      [
        10.0,
        10.0,
        7.0,
        10.0,
        0.0,
        0.0,
        0.0,
        0.0
      ],
      [
        10.0,
        10.0,
        7.0,
        10.0,
        0.0,
        0.0,
        0.0,
        0.0
      ],
      [
        10.0,
        10.0,
        7.0,
        10.0,
        0.0,
        0.0,
        0.0,
        0.0
      ],
      [
        10.0,
        10.0,
        7.0,
        10.0,
        0.0,
        0.0,
        0.0,
        0.0
      ],
      [
        10.0,
        10.0,
        7.0,
        10.0,
        0.0,
        0.0,
        0.0,
        0.0
      ],
      [
        10.0,
        10.0,
        7.0,
        10.0,
        0.0,
        0.0,
        0.0,
        0.0
      ],
      [
        10.0,
        10.0,
        7.0,
        10.0,
        0.0,
        0.0,
        0.0,
        0.0
      ],
      [
        10.0,
        10.0,
        7.0,
        10.0,
        0.0,
        0.0,
        0.0,
        0.0
      ],
      [
        10.0,
        10.0,
        7.0,
        10.0,
        0.0,
        0.0,
        0.0,
        0.0
      ],
      [
        10.0,
        10.0,
        7.0,
        10.0,
        0.0,
        0.0,
        0.0,
        0.0
      ],
      [
        10.0,
        10.0,
        7.0,
        10.0,
        0.0,
        0.0,
        0.0,
        0.0
      ],
      [
        10.0,
        10.0,
        7.0,
        10.0,
        0.0,
        0.0,
        0.0,
        0.0
      ],
      [
        10.0,
        10.0,
        7.0,
        10.0,
        0.0,
        0.0,
        0.0,
        0.0
      ],
      [
        10.0,
        10.0,
        7.0,
        10.0,
        0.0,
        0.0,
        0.0,
        0.0
      ],
      [
        10.0,
        10.0,
        7.0,
        10.0,
        0.0,
        0.0,
        0.0,
        0.0
      ],
      [
        10.0,
        10.0,
        7.0,
        10.0,
        0.0,
        0.0,
        0.0,
        0.0
      ],
      [
        10.0,
        10.0,
        7.0,
        10.0,
        0.0,
        0.0,
        0.0,
        0.0
      ],
      [
        10.0,
        10.0,
        7.0,
        10.0,
        0.0,
        0.0,
        0.0,
        0.0
      ],
      [
        10.0,
        10.0,
        7.0,
        10.0,
        0.0,
        0.0,
        0.0,
        0.0
      ],
      [
        10.0,
        10.0,
        7.0,
        10.0,
        0.0,
        0.0,
        0.0,
        0.0
      ],
      [
        10.0,
        10.0,
        7.0,
        10.0,
        0.0,
        0.0,
        0.0,
        0.0
      ],
      [
        10.0,
        10.0,
        7.0,
        10.0,
        0.0,
        0.0,
        0.0,
        0.0
      ],
      [
        10.0,
        10.0,
        7.0,
        10.0,
        0.0,
        0.0,
        0.0,
        0.0
      ],
      [
        10.0,
        10.0,
        7.0,
        10.0,
        0.0,
        0.0,
        0.0,
        0.0
      ],
      [
        10.0,
        10.0,
        7.0,
        10.0,
        0.0,
        0.0,
        0.0,
        0.0
      ],
      [
        9.0,
        9.0,
        7.0,
        9.0,
        1.0,
        1.0,
        1.0,
        1.0
      ],
      [
        9.0,
        9.0,
        7.0,
        9.0,
        1.0,
        1.0,
        1.0,
        1.0
      ],
      [
        9.0,
        9.0,
        7.0,
        9.0,
        1.0,
        1.0,
        1.0,
        1.0
      ],
      [
        9.0,
        9.0,
        7.0,
        9.0,
        1.0,
        1.0,
        1.0,
        1.0
      ],
      [
        9.0,
        9.0,
        7.0,
        9.0,
        1.0,
        1.0,
        1.0,
        1.0
      ],
      [
        9.0,
        9.0,
        7.0,
        9.0,
        1.0,
        1.0,
        1.0,
        1.0
      ],
      [
        9.0,
        9.0,
        7.0,
        9.0,
        1.0,
        1.0,
        1.0,
        1.0
      ],
      [
        9.0,
        9.0,
        7.0,
        9.0,
        1.0,
        1.0,
        1.0,
        1.0
      ],
      [
        9.0,
        9.0,
        8.0,
        9.0,
        1.0,
        1.0,
        1.0,
        1.0
      ],
      [
        9.0,
        9.0,
        8.0,
        9.0,
        1.0,
        1.0,
        1.0,
        1.0
      ],
      [
        9.0,
        9.0,
        8.0,
        9.0,
        1.0,
        1.0,
        1.0,
        1.0
      ],
      [
        9.0,
        9.0,
        8.0,
        9.0,
        1.0,
        1.0,
        1.0,
        1.0
      ],
      [
        10.0,
        10.0,
        7.0,
        10.0,
        0.0,
        0.0,
        0.0,
        0.0
      ],
      [
        10.0,
        10.0,
        7.0,
        10.0,
        0.0,
        0.0,
        0.0,
        0.0
      ],
      [
        10.0,
        10.0,
        7.0,
        10.0,
        0.0,
        0.0,
        0.0,
        0.0
      ],
      [
        10.0,
        10.0,
        7.0,
        10.0,
        0.0,
        0.0,
        0.0,
        0.0
      ],
      [
        10.0,
        10.0,
        7.0,
        10.0,
        0.0,
        0.0,
        0.0,
        0.0
      ],
      [
        10.0,
        10.0,
        7.0,
        10.0,
        0.0,
        0.0,
        0.0,
        0.0
      ],
      [
        10.0,
        10.0,
        7.0,
        10.0,
        0.0,
        0.0,
        0.0,
        0.0
      ],
      [
        10.0,
        10.0,
        7.0,
        10.0,
        0.0,
        0.0,
        0.0,
        0.0
      ],
      [
        9.0,
        9.0,
        7.0,
        9.0,
        1.0,
        1.0,
        1.0,
        1.0
      ],
      [
        9.0,
        9.0,
        7.0,
        9.0,
        1.0,
        1.0,
        1.0,
        1.0
      ],
      [
        9.0,
        9.0,
        7.0,
        9.0,
        1.0,
        1.0,
        1.0,
        1.0
      ],
      [
        9.0,
        9.0,
        7.0,
        9.0,
        1.0,
        1.0,
        1.0,
        1.0
      ],
      [
        9.0,
        9.0,
        8.0,
        9.0,
        1.0,
        1.0,
        1.0,
        1.0
      ],
      [
        9.0,
        9.0,
        8.0,
        9.0,
        1.0,
        1.0,
        1.0,
        1.0
      ],
      [
        9.0,
        9.0,
        8.0,
        9.0,
        1.0,
        1.0,
        1.0,
        1.0
      ],
      [
        9.0,
        9.0,
        8.0,
        9.0,
        1.0,
        1.0,
        1.0,
        1.0
      ],
      [
        10.0,
        10.0,
        7.0,
        10.0,
        0.0,
        0.0,
        0.0,
        0.0
      ],
      [
        10.0,
        10.0,
        7.0,
        10.0,
        0.0,
        0.0,
        0.0,
        0.0
      ],
      [
        10.0,
        10.0,
        7.0,
        10.0,
        0.0,
        0.0,
        0.0,
        0.0
      ],
      [
        10.0,
        10.0,
        7.0,
        10.0,
        0.0,
        0.0,
        0.0,
        0.0
      ],
      [
        10.0,
        10.0,
        7.0,
        10.0,
        0.0,
        0.0,
        0.0,
        0.0
      ],
      [
        10.0,
        10.0,
        7.0,
        10.0,
        0.0,
        0.0,
        0.0,
        0.0
      ],
      [
        10.0,
        10.0,
        7.0,
        10.0,
        0.0,
        0.0,
        0.0,
        0.0
      ],
      [
        10.0,
        10.0,
        7.0,
        10.0,
        0.0,
        0.0,
        0.0,
        0.0
      ],
      [
        10.0,
        10.0,
        7.0,
        10.0,
        0.0,
        0.0,
        0.0,
        0.0
      ],
      [
        10.0,
        10.0,
        7.0,
        10.0,
        0.0,
        0.0,
        0.0,
        0.0
      ],
      [
        9.0,
        9.0,
        7.0,
        9.0,
        1.0,
        1.0,
        1.0,
        1.0
      ],
      [
        9.0,
        9.0,
        7.0,
        9.0,
        1.0,
        1.0,
        1.0,
        1.0
      ],
      [
        9.0,
        9.0,
        8.0,
        9.0,
        1.0,
        1.0,
        1.0,
        1.0
      ],
      [
        9.0,
        9.0,
        8.0,
        9.0,
        1.0,
        1.0,
        1.0,
        1.0
      ],
      [
        9.0,
        9.0,
        8.0,
        9.0,
        1.0,
        1.0,
        1.0,
        1.0
      ],
      [
        10.0,
        10.0,
        7.0,
        10.0,
        0.0,
        0.0,
        0.0,
        0.0
      ],
      [
        10.0,
        10.0,
        7.0,
        10.0,
        0.0,
        0.0,
        0.0,
        0.0
      ],
      [
        9.0,
        9.0,
        8.0,
        9.0,
        1.0,
        1.0,
        1.0,
        1.0
      ],
      [
        9.0,
        9.0,
        8.0,
        9.0,
        1.0,
        1.0,
        1.0,
        1.0
      ],
      [
        9.0,
        9.0,
        8.0,
        9.0,
        1.0,
        1.0,
        1.0,
        1.0
      ],
      [
        9.0,
        9.0,
        8.0,
        9.0,
        1.0,
        1.0,
        1.0,
        1.0
      ],
      [
        9.0,
        9.0,
        8.0,
        9.0,
        1.0,
        1.0,
        1.0,
        1.0
      ],
      [
        9.0,
        9.0,
        8.0,
        9.0,
        1.0,
        1.0,
        1.0,
        1.0
      ],
      [
        9.0,
        9.0,
        8.0,
        9.0,
        1.0,
        1.0,
        1.0,
        1.0
      ],
      [
        9.0,
        9.0,
        8.0,
        9.0,
        1.0,
        1.0,
        1.0,
        1.0
      ],
      [
        9.0,
        9.0,
        8.0,
        9.0,
        1.0,
        1.0,
        1.0,
        1.0
      ]
    ],
    "interpretation": "Each saved state is replayed from reset neuron/residual state using the hard deployed binary latent path. This is a statewise diagnostic, not a multi-step control evaluation."
  }
}
saved: results/smoke_rrr_nmfk3_latent_pmteacher_offline_balanced_dagger_frozen_seed0/pm_offline_dataset_audit.json
