{
  "source": "results/binary_latent_neighbor_x125mm_seed1",
  "phase": "evaluation",
  "all_align_decisions": {
    "decisions": 2076,
    "teacher_agreement_rate": 0.34585741811175336,
    "unique_pm_winner_rate": 0.5751445086705202,
    "mean_pm_tie_count": 1.9547206165703275,
    "zero_pm_window_rate": 0.0
  },
  "by_final_outcome": {
    "success": {
      "decisions": 156,
      "teacher_agreement_rate": 0.7948717948717948,
      "unique_pm_winner_rate": 0.717948717948718,
      "mean_pm_tie_count": 2.173076923076923,
      "zero_pm_window_rate": 0.0
    },
    "failure": {
      "decisions": 1920,
      "teacher_agreement_rate": 0.309375,
      "unique_pm_winner_rate": 0.5635416666666667,
      "mean_pm_tie_count": 1.9369791666666667,
      "zero_pm_window_rate": 0.0
    }
  },
  "first_errors": [
    {
      "episode": 0,
      "outcome": "failure",
      "first_error": {
        "decision": 34,
        "state": [
          58
        ],
        "teacher_action": 0,
        "network_action": 1,
        "pm_tie_count": 1,
        "xy_error_before_m": 0.04397551631400515,
        "xy_error_after_m": 0.04330652454012295
      }
    },
    {
      "episode": 1,
      "outcome": "success",
      "first_error": {
        "decision": 34,
        "state": [
          58
        ],
        "teacher_action": 0,
        "network_action": 1,
        "pm_tie_count": 1,
        "xy_error_before_m": 0.04397551631400515,
        "xy_error_after_m": 0.04330652454012295
      }
    },
    {
      "episode": 2,
      "outcome": "failure",
      "first_error": {
        "decision": 34,
        "state": [
          58
        ],
        "teacher_action": 0,
        "network_action": 1,
        "pm_tie_count": 1,
        "xy_error_before_m": 0.04397551631400515,
        "xy_error_after_m": 0.04330652454012295
      }
    },
    {
      "episode": 3,
      "outcome": "failure",
      "first_error": {
        "decision": 34,
        "state": [
          58
        ],
        "teacher_action": 0,
        "network_action": 1,
        "pm_tie_count": 1,
        "xy_error_before_m": 0.04397551631400515,
        "xy_error_after_m": 0.04330652454012295
      }
    },
    {
      "episode": 4,
      "outcome": "failure",
      "first_error": {
        "decision": 34,
        "state": [
          58
        ],
        "teacher_action": 0,
        "network_action": 1,
        "pm_tie_count": 1,
        "xy_error_before_m": 0.043975516313990416,
        "xy_error_after_m": 0.04330652454010823
      }
    },
    {
      "episode": 5,
      "outcome": "failure",
      "first_error": {
        "decision": 34,
        "state": [
          58
        ],
        "teacher_action": 0,
        "network_action": 1,
        "pm_tie_count": 1,
        "xy_error_before_m": 0.04397551631400515,
        "xy_error_after_m": 0.04330652454012295
      }
    },
    {
      "episode": 6,
      "outcome": "failure",
      "first_error": {
        "decision": 34,
        "state": [
          58
        ],
        "teacher_action": 0,
        "network_action": 1,
        "pm_tie_count": 1,
        "xy_error_before_m": 0.04397551631400515,
        "xy_error_after_m": 0.04330652454012295
      }
    },
    {
      "episode": 7,
      "outcome": "failure",
      "first_error": {
        "decision": 34,
        "state": [
          58
        ],
        "teacher_action": 0,
        "network_action": 1,
        "pm_tie_count": 1,
        "xy_error_before_m": 0.04397551631400515,
        "xy_error_after_m": 0.04330652454012295
      }
    },
    {
      "episode": 8,
      "outcome": "failure",
      "first_error": {
        "decision": 34,
        "state": [
          58
        ],
        "teacher_action": 0,
        "network_action": 1,
        "pm_tie_count": 1,
        "xy_error_before_m": 0.04397551631400515,
        "xy_error_after_m": 0.04330652454012295
      }
    },
    {
      "episode": 9,
      "outcome": "success",
      "first_error": {
        "decision": 34,
        "state": [
          58
        ],
        "teacher_action": 0,
        "network_action": 1,
        "pm_tie_count": 1,
        "xy_error_before_m": 0.04397551631400515,
        "xy_error_after_m": 0.04330652454012295
      }
    }
  ],
  "first_error_state_action_counts": {
    "(58,)|0": 10
  }
}
saved: results/binary_latent_neighbor_x125mm_seed1/closed_loop_failure_audit.json
