{
  "source": "results/binary_latent_extended20_pairedrng_seed1",
  "phase": "evaluation",
  "all_align_decisions": {
    "decisions": 3348,
    "teacher_agreement_rate": 0.2852449223416965,
    "unique_pm_winner_rate": 0.6783154121863799,
    "mean_pm_tie_count": 1.4480286738351253,
    "zero_pm_window_rate": 0.0
  },
  "by_final_outcome": {
    "success": {
      "decisions": 360,
      "teacher_agreement_rate": 0.8805555555555555,
      "unique_pm_winner_rate": 0.775,
      "mean_pm_tie_count": 1.5305555555555554,
      "zero_pm_window_rate": 0.0
    },
    "failure": {
      "decisions": 2988,
      "teacher_agreement_rate": 0.21352074966532797,
      "unique_pm_winner_rate": 0.6666666666666666,
      "mean_pm_tie_count": 1.4380856760374832,
      "zero_pm_window_rate": 0.0
    }
  },
  "first_errors": [
    {
      "episode": 0,
      "outcome": "failure",
      "first_error": {
        "decision": 33,
        "state": [
          57
        ],
        "teacher_action": 0,
        "network_action": 2,
        "pm_tie_count": 2,
        "xy_error_before_m": 0.03480248079549021,
        "xy_error_after_m": 0.03268690730800645
      }
    },
    {
      "episode": 1,
      "outcome": "success",
      "first_error": {
        "decision": 34,
        "state": [
          57
        ],
        "teacher_action": 0,
        "network_action": 2,
        "pm_tie_count": 2,
        "xy_error_before_m": 0.031691096231506066,
        "xy_error_after_m": 0.029559161725742328
      }
    },
    {
      "episode": 2,
      "outcome": "failure",
      "first_error": {
        "decision": 33,
        "state": [
          57
        ],
        "teacher_action": 0,
        "network_action": 2,
        "pm_tie_count": 2,
        "xy_error_before_m": 0.03480248079549021,
        "xy_error_after_m": 0.03268690730800645
      }
    },
    {
      "episode": 3,
      "outcome": "failure",
      "first_error": {
        "decision": 37,
        "state": [
          56
        ],
        "teacher_action": 0,
        "network_action": 3,
        "pm_tie_count": 3,
        "xy_error_before_m": 0.02247608682170505,
        "xy_error_after_m": 0.02108111315126724
      }
    },
    {
      "episode": 4,
      "outcome": "success",
      "first_error": {
        "decision": 33,
        "state": [
          57
        ],
        "teacher_action": 0,
        "network_action": 2,
        "pm_tie_count": 2,
        "xy_error_before_m": 0.03480248079549021,
        "xy_error_after_m": 0.03268690730800645
      }
    },
    {
      "episode": 5,
      "outcome": "failure",
      "first_error": {
        "decision": 34,
        "state": [
          57
        ],
        "teacher_action": 0,
        "network_action": 2,
        "pm_tie_count": 2,
        "xy_error_before_m": 0.03169109623152105,
        "xy_error_after_m": 0.029559161725757392
      }
    },
    {
      "episode": 6,
      "outcome": "failure",
      "first_error": {
        "decision": 33,
        "state": [
          57
        ],
        "teacher_action": 0,
        "network_action": 2,
        "pm_tie_count": 2,
        "xy_error_before_m": 0.03480248079549021,
        "xy_error_after_m": 0.03268690730800645
      }
    },
    {
      "episode": 7,
      "outcome": "failure",
      "first_error": {
        "decision": 35,
        "state": [
          57
        ],
        "teacher_action": 0,
        "network_action": 2,
        "pm_tie_count": 2,
        "xy_error_before_m": 0.028595356079296204,
        "xy_error_after_m": 0.026444657589524998
      }
    },
    {
      "episode": 8,
      "outcome": "success",
      "first_error": {
        "decision": 33,
        "state": [
          57
        ],
        "teacher_action": 0,
        "network_action": 2,
        "pm_tie_count": 2,
        "xy_error_before_m": 0.03480248079549021,
        "xy_error_after_m": 0.03268690730800645
      }
    },
    {
      "episode": 9,
      "outcome": "success",
      "first_error": {
        "decision": 42,
        "state": [
          155
        ],
        "teacher_action": 2,
        "network_action": 0,
        "pm_tie_count": 3,
        "xy_error_before_m": 0.008823591954447225,
        "xy_error_after_m": 0.007280514839639495
      }
    },
    {
      "episode": 10,
      "outcome": "failure",
      "first_error": {
        "decision": 35,
        "state": [
          57
        ],
        "teacher_action": 0,
        "network_action": 2,
        "pm_tie_count": 2,
        "xy_error_before_m": 0.028595356079296204,
        "xy_error_after_m": 0.026444657589524998
      }
    },
    {
      "episode": 11,
      "outcome": "failure",
      "first_error": {
        "decision": 34,
        "state": [
          57
        ],
        "teacher_action": 0,
        "network_action": 2,
        "pm_tie_count": 2,
        "xy_error_before_m": 0.03169109623152105,
        "xy_error_after_m": 0.029559161725757392
      }
    },
    {
      "episode": 12,
      "outcome": "success",
      "first_error": {
        "decision": 34,
        "state": [
          57
        ],
        "teacher_action": 0,
        "network_action": 2,
        "pm_tie_count": 2,
        "xy_error_before_m": 0.03169109623152105,
        "xy_error_after_m": 0.029559161725757392
      }
    },
    {
      "episode": 13,
      "outcome": "failure",
      "first_error": {
        "decision": 33,
        "state": [
          57
        ],
        "teacher_action": 0,
        "network_action": 2,
        "pm_tie_count": 2,
        "xy_error_before_m": 0.03480248079549021,
        "xy_error_after_m": 0.03268690730800645
      }
    },
    {
      "episode": 14,
      "outcome": "failure",
      "first_error": {
        "decision": 33,
        "state": [
          57
        ],
        "teacher_action": 0,
        "network_action": 2,
        "pm_tie_count": 2,
        "xy_error_before_m": 0.03480248079510682,
        "xy_error_after_m": 0.03268690730762129
      }
    },
    {
      "episode": 15,
      "outcome": "success",
      "first_error": {
        "decision": 35,
        "state": [
          57
        ],
        "teacher_action": 0,
        "network_action": 2,
        "pm_tie_count": 2,
        "xy_error_before_m": 0.028595356079296204,
        "xy_error_after_m": 0.026444657589524998
      }
    },
    {
      "episode": 16,
      "outcome": "failure",
      "first_error": {
        "decision": 35,
        "state": [
          57
        ],
        "teacher_action": 0,
        "network_action": 2,
        "pm_tie_count": 2,
        "xy_error_before_m": 0.028595356079296204,
        "xy_error_after_m": 0.026444657589524998
      }
    },
    {
      "episode": 17,
      "outcome": "failure",
      "first_error": {
        "decision": 35,
        "state": [
          57
        ],
        "teacher_action": 0,
        "network_action": 2,
        "pm_tie_count": 2,
        "xy_error_before_m": 0.028595356079296204,
        "xy_error_after_m": 0.026444657589524998
      }
    },
    {
      "episode": 18,
      "outcome": "success",
      "first_error": {
        "decision": 35,
        "state": [
          57
        ],
        "teacher_action": 0,
        "network_action": 2,
        "pm_tie_count": 2,
        "xy_error_before_m": 0.028595356079296204,
        "xy_error_after_m": 0.026444657589524998
      }
    },
    {
      "episode": 19,
      "outcome": "failure",
      "first_error": {
        "decision": 42,
        "state": [
          155
        ],
        "teacher_action": 2,
        "network_action": 0,
        "pm_tie_count": 3,
        "xy_error_before_m": 0.008823591954447225,
        "xy_error_after_m": 0.007280514839639495
      }
    }
  ],
  "first_error_state_action_counts": {
    "(57,)|0": 17,
    "(56,)|0": 1,
    "(155,)|2": 2
  }
}
saved: results/binary_latent_extended20_pairedrng_seed1/closed_loop_failure_audit.json
