{
  "source": "results/binary_latent_extended20_pairedrng_seed2",
  "phase": "evaluation",
  "all_align_decisions": {
    "decisions": 2626,
    "teacher_agreement_rate": 0.44554455445544555,
    "unique_pm_winner_rate": 0.506092916984006,
    "mean_pm_tie_count": 2.0011424219345013,
    "zero_pm_window_rate": 0.0
  },
  "by_final_outcome": {
    "success": {
      "decisions": 771,
      "teacher_agreement_rate": 0.8054474708171206,
      "unique_pm_winner_rate": 0.6705577172503242,
      "mean_pm_tie_count": 2.153047989623865,
      "zero_pm_window_rate": 0.0
    },
    "failure": {
      "decisions": 1855,
      "teacher_agreement_rate": 0.29595687331536386,
      "unique_pm_winner_rate": 0.4377358490566038,
      "mean_pm_tie_count": 1.9380053908355794,
      "zero_pm_window_rate": 0.0
    }
  },
  "first_errors": [
    {
      "episode": 0,
      "outcome": "failure",
      "first_error": {
        "decision": 30,
        "state": [
          58
        ],
        "teacher_action": 0,
        "network_action": 1,
        "pm_tie_count": 7,
        "xy_error_before_m": 0.04419796727466401,
        "xy_error_after_m": 0.043536483188595355
      }
    },
    {
      "episode": 1,
      "outcome": "success",
      "first_error": {
        "decision": 17,
        "state": [
          59
        ],
        "teacher_action": 0,
        "network_action": 2,
        "pm_tie_count": 2,
        "xy_error_before_m": 0.08529217711609713,
        "xy_error_after_m": 0.08330590731958128
      }
    },
    {
      "episode": 2,
      "outcome": "success",
      "first_error": {
        "decision": 31,
        "state": [
          58
        ],
        "teacher_action": 0,
        "network_action": 1,
        "pm_tie_count": 6,
        "xy_error_before_m": 0.04105819979219911,
        "xy_error_after_m": 0.0403961922262828
      }
    },
    {
      "episode": 3,
      "outcome": "failure",
      "first_error": {
        "decision": 17,
        "state": [
          59
        ],
        "teacher_action": 0,
        "network_action": 2,
        "pm_tie_count": 2,
        "xy_error_before_m": 0.08529217711609713,
        "xy_error_after_m": 0.08330590731958128
      }
    },
    {
      "episode": 4,
      "outcome": "failure",
      "first_error": {
        "decision": 33,
        "state": [
          57
        ],
        "teacher_action": 0,
        "network_action": 3,
        "pm_tie_count": 3,
        "xy_error_before_m": 0.03480248079549021,
        "xy_error_after_m": 0.03318993400472822
      }
    },
    {
      "episode": 5,
      "outcome": "success",
      "first_error": {
        "decision": 17,
        "state": [
          59
        ],
        "teacher_action": 0,
        "network_action": 2,
        "pm_tie_count": 2,
        "xy_error_before_m": 0.08529217711609713,
        "xy_error_after_m": 0.08330590731958128
      }
    },
    {
      "episode": 6,
      "outcome": "failure",
      "first_error": {
        "decision": 30,
        "state": [
          58
        ],
        "teacher_action": 0,
        "network_action": 2,
        "pm_tie_count": 7,
        "xy_error_before_m": 0.04419796727467919,
        "xy_error_after_m": 0.04212071853840292
      }
    },
    {
      "episode": 7,
      "outcome": "success",
      "first_error": {
        "decision": 17,
        "state": [
          59
        ],
        "teacher_action": 0,
        "network_action": 2,
        "pm_tie_count": 2,
        "xy_error_before_m": 0.08529217711609713,
        "xy_error_after_m": 0.08330590731958128
      }
    },
    {
      "episode": 8,
      "outcome": "success",
      "first_error": {
        "decision": 17,
        "state": [
          59
        ],
        "teacher_action": 0,
        "network_action": 2,
        "pm_tie_count": 2,
        "xy_error_before_m": 0.08529217711609713,
        "xy_error_after_m": 0.08330590731958128
      }
    },
    {
      "episode": 9,
      "outcome": "failure",
      "first_error": {
        "decision": 30,
        "state": [
          58
        ],
        "teacher_action": 0,
        "network_action": 2,
        "pm_tie_count": 7,
        "xy_error_before_m": 0.04419796727467919,
        "xy_error_after_m": 0.04212071853840292
      }
    },
    {
      "episode": 10,
      "outcome": "success",
      "first_error": {
        "decision": 30,
        "state": [
          58
        ],
        "teacher_action": 0,
        "network_action": 1,
        "pm_tie_count": 7,
        "xy_error_before_m": 0.04419796727467919,
        "xy_error_after_m": 0.04353648318861052
      }
    },
    {
      "episode": 11,
      "outcome": "success",
      "first_error": {
        "decision": 17,
        "state": [
          59
        ],
        "teacher_action": 0,
        "network_action": 2,
        "pm_tie_count": 2,
        "xy_error_before_m": 0.08529217711609713,
        "xy_error_after_m": 0.08330590731958128
      }
    },
    {
      "episode": 12,
      "outcome": "success",
      "first_error": {
        "decision": 17,
        "state": [
          59
        ],
        "teacher_action": 0,
        "network_action": 2,
        "pm_tie_count": 2,
        "xy_error_before_m": 0.08529217711609713,
        "xy_error_after_m": 0.08330590731958128
      }
    },
    {
      "episode": 13,
      "outcome": "success",
      "first_error": {
        "decision": 30,
        "state": [
          58
        ],
        "teacher_action": 0,
        "network_action": 2,
        "pm_tie_count": 7,
        "xy_error_before_m": 0.04419796727429284,
        "xy_error_after_m": 0.04212071853801539
      }
    },
    {
      "episode": 14,
      "outcome": "success",
      "first_error": {
        "decision": 30,
        "state": [
          58
        ],
        "teacher_action": 0,
        "network_action": 1,
        "pm_tie_count": 7,
        "xy_error_before_m": 0.04419796727467919,
        "xy_error_after_m": 0.04353648318861052
      }
    },
    {
      "episode": 15,
      "outcome": "failure",
      "first_error": {
        "decision": 30,
        "state": [
          58
        ],
        "teacher_action": 0,
        "network_action": 1,
        "pm_tie_count": 7,
        "xy_error_before_m": 0.04419796727467919,
        "xy_error_after_m": 0.04353648318861052
      }
    },
    {
      "episode": 16,
      "outcome": "failure",
      "first_error": {
        "decision": 30,
        "state": [
          58
        ],
        "teacher_action": 0,
        "network_action": 2,
        "pm_tie_count": 7,
        "xy_error_before_m": 0.04419796727467919,
        "xy_error_after_m": 0.04212071853840292
      }
    },
    {
      "episode": 17,
      "outcome": "success",
      "first_error": {
        "decision": 17,
        "state": [
          59
        ],
        "teacher_action": 0,
        "network_action": 2,
        "pm_tie_count": 2,
        "xy_error_before_m": 0.08529217711609713,
        "xy_error_after_m": 0.08330590731958128
      }
    },
    {
      "episode": 18,
      "outcome": "success",
      "first_error": {
        "decision": 31,
        "state": [
          58
        ],
        "teacher_action": 0,
        "network_action": 1,
        "pm_tie_count": 6,
        "xy_error_before_m": 0.04105819979194467,
        "xy_error_after_m": 0.0403961922260285
      }
    },
    {
      "episode": 19,
      "outcome": "failure",
      "first_error": {
        "decision": 17,
        "state": [
          59
        ],
        "teacher_action": 0,
        "network_action": 2,
        "pm_tie_count": 2,
        "xy_error_before_m": 0.08529217711608106,
        "xy_error_after_m": 0.08330590731956519
      }
    }
  ],
  "first_error_state_action_counts": {
    "(58,)|0": 10,
    "(59,)|0": 9,
    "(57,)|0": 1
  }
}
saved: results/binary_latent_extended20_pairedrng_seed2/closed_loop_failure_audit.json
