{
  "source": "results/residual_reset_pairedrng_seed2/lift_bdm_snn_decision_traces.json",
  "phase": "evaluation",
  "align_labeled_records": 1245,
  "binary_pattern_width": 180,
  "unique_patterns": 14,
  "cross_label_pattern_collisions": 1,
  "cross_label_collision_fraction": 0.07142857142857142,
  "mean_hamming_distance_within_teacher_action": {
    "0": 43.274987237597266,
    "1": 41.35393786418195,
    "2": 35.32211538461539,
    "3": 0.0
  },
  "mean_hamming_distance_between_teacher_actions": {
    "0_1": 90.1287350853545,
    "0_2": 65.49696236965393,
    "0_3": 88.95677799607073,
    "1_2": 68.4498562722778,
    "1_3": 30.654708520179373,
    "2_3": 62.76923076923077
  },
  "interpretation": "Patterns preserve the ordered binary D1/D2 latent events over one fixed decision window. This audit diagnoses code collisions and residual-phase sensitivity; it does not measure packet bits or establish a nonlinear manifold."
}
saved: results/residual_reset_pairedrng_seed2/latent_pattern_audit.json
